
> predictory-web@1.0.0 dev
> next dev --hostname 127.0.0.1 --port 3001

  ▲ Next.js 14.2.35
  - Local:        http://127.0.0.1:3001
  - Network:      http://127.0.0.1:3001
  - Environments: .env.local

 ✓ Starting...
 ✓ Ready in 1902ms
 ○ Compiling /dashboard ...
 ✓ Compiled /dashboard in 6.6s (888 modules)
 GET /dashboard 200 in 7420ms
 ✓ Compiled in 959ms (450 modules)
 ○ Compiling / ...
 ✓ Compiled / in 1345ms (932 modules)
 GET / 200 in 1774ms
 ○ Compiling /data-upload ...
 ✓ Compiled /data-upload in 1052ms (946 modules)
 ○ Compiling /daily-planning ...
 ✓ Compiled /daily-planning in 1424ms (1015 modules)
 ○ Compiling /risk-center ...
 ✓ Compiled /risk-center in 3.4s (1984 modules)
 ○ Compiling /replenishment ...
 ✓ Compiled /replenishment in 1281ms (1994 modules)
 ○ Compiling /scenario-planner ...
 ✓ Compiled /scenario-planner in 1789ms (1977 modules)
